// Jest Snapshot v1, https://goo.gl/fbAQLP

exports[`Pharmacy match snapshot 1`] = `
Pharmacy {
  "drugs": Array [
    Doliprane {
      "benefit": 0,
      "expiresIn": -10,
      "name": "Doliprane",
    },
    HerbalTea {
      "benefit": 50,
      "expiresIn": -20,
      "name": "Herbal Tea",
    },
    Fervex {
      "benefit": 0,
      "expiresIn": -25,
      "name": "Fervex",
    },
    MagicPill {
      "benefit": 40,
      "expiresIn": 15,
      "name": "Magic Pill",
    },
  ],
}
`;
